================================================================================
HPLinpack 2.3  --  High-Performance Linpack benchmark  --   December 2, 2018
Written by A. Petitet and R. Clint Whaley,  Innovative Computing Laboratory, UTK
Modified by Piotr Luszczek, Innovative Computing Laboratory, UTK
Modified by Julien Langou, University of Colorado Denver
================================================================================

An explanation of the input/output parameters follows:
T/V    : Wall time / encoded variant.
N      : The order of the coefficient matrix A.
NB     : The partitioning blocking factor.
P      : The number of process rows.
Q      : The number of process columns.
Time   : Time in seconds to solve the linear system.
Gflops : Rate of execution for solving the linear system.

The following parameter values will be used:

N      :   18000 
NB     :     256 
PMAP   : Row-major process mapping
P      :       2 
Q      :       2 
PFACT  :   Right 
NBMIN  :       4 
NDIV   :       2 
RFACT  :   Right 
BCAST  :  1ringM 
DEPTH  :       1 
SWAP   : Mix (threshold = 64)
L1     : transposed form
U      : transposed form
EQUIL  : yes
ALIGN  : 8 double precision words

--------------------------------------------------------------------------------

- The matrix A is randomly generated for each test.
- The following scaled residual check will be computed:
      ||Ax-b||_oo / ( eps * ( || x ||_oo * || A ||_oo + || b ||_oo ) * N )
- The relative machine precision (eps) is taken to be               1.110223e-16
- Computational tests pass if scaled residuals are less than                16.0

================================================================================
T/V                N    NB     P     Q               Time                 Gflops
--------------------------------------------------------------------------------
WR11R2R4       18000   256     2     2              16.51             2.3550e+02
HPL_pdgesv() start time Tue Aug 11 16:09:01 2026

HPL_pdgesv() end time   Tue Aug 11 16:09:18 2026

--VVV--VVV--VVV--VVV--VVV--VVV--VVV--VVV--VVV--VVV--VVV--VVV--VVV--VVV--VVV-
Max aggregated wall time rfact . . . :               0.89
+ Max aggregated wall time pfact . . :               0.46
+ Max aggregated wall time mxswp . . :               0.42
Max aggregated wall time update  . . :              15.56
+ Max aggregated wall time laswp . . :               2.95
Max aggregated wall time up tr sv  . :               0.06
--------------------------------------------------------------------------------
||Ax-b||_oo/(eps*(||A||_oo*||x||_oo+||b||_oo)*N)=   2.71299857e-03 ...... PASSED
================================================================================

Finished      1 tests with the following results:
              1 tests completed and passed residual checks,
              0 tests completed and failed residual checks,
              0 tests skipped because of illegal input values.
--------------------------------------------------------------------------------

End of Tests.
================================================================================
	Command being timed: "mpirun --bind-to none -np 4 ./xhpl"
	User time (seconds): 254.31
	System time (seconds): 90.05
	Percent of CPU this job got: 1757%
	Elapsed (wall clock) time (h:mm:ss or m:ss): 0:19.59
	Average shared text size (kbytes): 0
	Average unshared data size (kbytes): 0
	Average stack size (kbytes): 0
	Average total size (kbytes): 0
	Maximum resident set size (kbytes): 734688
	Average resident set size (kbytes): 0
	Major (requiring I/O) page faults: 14
	Minor (reclaiming a frame) page faults: 873484
	Voluntary context switches: 5430
	Involuntary context switches: 2849
	Swaps: 0
	File system inputs: 5
	File system outputs: 184
	Socket messages sent: 0
	Socket messages received: 0
	Signals delivered: 0
	Page size (bytes): 4096
	Exit status: 0
